// Jest Snapshot v1, https://goo.gl/fbAQLP

exports[`Badge Component Style matches the component style snapshots 1`] = `
Object {
  "$$typeof": Symbol(react.forward_ref),
  "attrs": Array [],
  "componentStyle": ComponentStyle {
    "componentId": "sc-bdVaJa",
    "isStatic": false,
    "rules": Array [
      "
  align-items: center;
  background-color: ",
      "#00b894",
      ";
  border-radius: ",
      "5px",
      ";
  color: white;
  display: flex;
  font-family: ",
      "IBM Plex Sans",
      ";
  font-size: ",
      "1rem",
      ";
  font-weight: ",
      "400",
      ";
  font-weight: ",
      "400",
      ";
  height: ",
      [Function],
      ";
  justify-content: center;
  padding: 0px ",
      "5px",
      ";
  margin: ",
      "5px",
      ";
  width: ",
      [Function],
      ";
",
    ],
  },
  "displayName": "styled.div",
  "foldedComponentIds": Array [],
  "render": [Function],
  "styledComponentId": "sc-bdVaJa",
  "target": "div",
  "toString": [Function],
  "warnTooManyClasses": [Function],
  "withComponent": [Function],
}
`;
